Archive member included to satisfy reference by file (symbol)

c:/st/stm32cubeide_1.0.2/stm32cubeide/plugins/com.st.stm32cube.ide.mcu.externaltools.gnu-tools-for-stm32.7-2018-q2-update.win32_1.5.0.202011040924/tools/bin/../lib/gcc/arm-none-eabi/7.3.1/../../../../arm-none-eabi/lib/thumb/v7-m\libc_nano.a(lib_a-errno.o)
                              System/syscalls.o (__errno)
c:/st/stm32cubeide_1.0.2/stm32cubeide/plugins/com.st.stm32cube.ide.mcu.externaltools.gnu-tools-for-stm32.7-2018-q2-update.win32_1.5.0.202011040924/tools/bin/../lib/gcc/arm-none-eabi/7.3.1/../../../../arm-none-eabi/lib/thumb/v7-m\libc_nano.a(lib_a-exit.o)
                              c:/st/stm32cubeide_1.0.2/stm32cubeide/plugins/com.st.stm32cube.ide.mcu.externaltools.gnu-tools-for-stm32.7-2018-q2-update.win32_1.5.0.202011040924/tools/bin/../lib/gcc/arm-none-eabi/7.3.1/../../../../arm-none-eabi/lib/thumb/v7-m/crt0.o (exit)
c:/st/stm32cubeide_1.0.2/stm32cubeide/plugins/com.st.stm32cube.ide.mcu.externaltools.gnu-tools-for-stm32.7-2018-q2-update.win32_1.5.0.202011040924/tools/bin/../lib/gcc/arm-none-eabi/7.3.1/../../../../arm-none-eabi/lib/thumb/v7-m\libc_nano.a(lib_a-impure.o)
                              c:/st/stm32cubeide_1.0.2/stm32cubeide/plugins/com.st.stm32cube.ide.mcu.externaltools.gnu-tools-for-stm32.7-2018-q2-update.win32_1.5.0.202011040924/tools/bin/../lib/gcc/arm-none-eabi/7.3.1/../../../../arm-none-eabi/lib/thumb/v7-m\libc_nano.a(lib_a-exit.o) (_global_impure_ptr)
c:/st/stm32cubeide_1.0.2/stm32cubeide/plugins/com.st.stm32cube.ide.mcu.externaltools.gnu-tools-for-stm32.7-2018-q2-update.win32_1.5.0.202011040924/tools/bin/../lib/gcc/arm-none-eabi/7.3.1/../../../../arm-none-eabi/lib/thumb/v7-m\libc_nano.a(lib_a-init.o)
                              c:/st/stm32cubeide_1.0.2/stm32cubeide/plugins/com.st.stm32cube.ide.mcu.externaltools.gnu-tools-for-stm32.7-2018-q2-update.win32_1.5.0.202011040924/tools/bin/../lib/gcc/arm-none-eabi/7.3.1/../../../../arm-none-eabi/lib/thumb/v7-m/crt0.o (__libc_init_array)
c:/st/stm32cubeide_1.0.2/stm32cubeide/plugins/com.st.stm32cube.ide.mcu.externaltools.gnu-tools-for-stm32.7-2018-q2-update.win32_1.5.0.202011040924/tools/bin/../lib/gcc/arm-none-eabi/7.3.1/../../../../arm-none-eabi/lib/thumb/v7-m\libc_nano.a(lib_a-memset.o)
                              c:/st/stm32cubeide_1.0.2/stm32cubeide/plugins/com.st.stm32cube.ide.mcu.externaltools.gnu-tools-for-stm32.7-2018-q2-update.win32_1.5.0.202011040924/tools/bin/../lib/gcc/arm-none-eabi/7.3.1/../../../../arm-none-eabi/lib/thumb/v7-m/crt0.o (memset)

Discarded input sections

 .text          0x0000000000000000        0x0 c:/st/stm32cubeide_1.0.2/stm32cubeide/plugins/com.st.stm32cube.ide.mcu.externaltools.gnu-tools-for-stm32.7-2018-q2-update.win32_1.5.0.202011040924/tools/bin/../lib/gcc/arm-none-eabi/7.3.1/thumb/v7-m/crti.o
 .data          0x0000000000000000        0x0 c:/st/stm32cubeide_1.0.2/stm32cubeide/plugins/com.st.stm32cube.ide.mcu.externaltools.gnu-tools-for-stm32.7-2018-q2-update.win32_1.5.0.202011040924/tools/bin/../lib/gcc/arm-none-eabi/7.3.1/thumb/v7-m/crti.o
 .bss           0x0000000000000000        0x0 c:/st/stm32cubeide_1.0.2/stm32cubeide/plugins/com.st.stm32cube.ide.mcu.externaltools.gnu-tools-for-stm32.7-2018-q2-update.win32_1.5.0.202011040924/tools/bin/../lib/gcc/arm-none-eabi/7.3.1/thumb/v7-m/crti.o
 .data          0x0000000000000000        0x4 c:/st/stm32cubeide_1.0.2/stm32cubeide/plugins/com.st.stm32cube.ide.mcu.externaltools.gnu-tools-for-stm32.7-2018-q2-update.win32_1.5.0.202011040924/tools/bin/../lib/gcc/arm-none-eabi/7.3.1/thumb/v7-m/crtbegin.o
 .text          0x0000000000000000       0x74 c:/st/stm32cubeide_1.0.2/stm32cubeide/plugins/com.st.stm32cube.ide.mcu.externaltools.gnu-tools-for-stm32.7-2018-q2-update.win32_1.5.0.202011040924/tools/bin/../lib/gcc/arm-none-eabi/7.3.1/../../../../arm-none-eabi/lib/thumb/v7-m/crt0.o
 .data          0x0000000000000000        0x0 c:/st/stm32cubeide_1.0.2/stm32cubeide/plugins/com.st.stm32cube.ide.mcu.externaltools.gnu-tools-for-stm32.7-2018-q2-update.win32_1.5.0.202011040924/tools/bin/../lib/gcc/arm-none-eabi/7.3.1/../../../../arm-none-eabi/lib/thumb/v7-m/crt0.o
 .bss           0x0000000000000000        0x0 c:/st/stm32cubeide_1.0.2/stm32cubeide/plugins/com.st.stm32cube.ide.mcu.externaltools.gnu-tools-for-stm32.7-2018-q2-update.win32_1.5.0.202011040924/tools/bin/../lib/gcc/arm-none-eabi/7.3.1/../../../../arm-none-eabi/lib/thumb/v7-m/crt0.o
 .ARM.extab     0x0000000000000000        0x0 c:/st/stm32cubeide_1.0.2/stm32cubeide/plugins/com.st.stm32cube.ide.mcu.externaltools.gnu-tools-for-stm32.7-2018-q2-update.win32_1.5.0.202011040924/tools/bin/../lib/gcc/arm-none-eabi/7.3.1/../../../../arm-none-eabi/lib/thumb/v7-m/crt0.o
 .ARM.exidx     0x0000000000000000        0x8 c:/st/stm32cubeide_1.0.2/stm32cubeide/plugins/com.st.stm32cube.ide.mcu.externaltools.gnu-tools-for-stm32.7-2018-q2-update.win32_1.5.0.202011040924/tools/bin/../lib/gcc/arm-none-eabi/7.3.1/../../../../arm-none-eabi/lib/thumb/v7-m/crt0.o
 .ARM.attributes
                0x0000000000000000       0x1b c:/st/stm32cubeide_1.0.2/stm32cubeide/plugins/com.st.stm32cube.ide.mcu.externaltools.gnu-tools-for-stm32.7-2018-q2-update.win32_1.5.0.202011040924/tools/bin/../lib/gcc/arm-none-eabi/7.3.1/../../../../arm-none-eabi/lib/thumb/v7-m/crt0.o
 .group         0x0000000000000000        0xc Core/GPIO/GPIO.o
 .group         0x0000000000000000        0xc Core/GPIO/GPIO.o
 .group         0x0000000000000000        0xc Core/GPIO/GPIO.o
 .group         0x0000000000000000        0xc Core/GPIO/GPIO.o
 .group         0x0000000000000000        0xc Core/GPIO/GPIO.o
 .group         0x0000000000000000        0xc Core/GPIO/GPIO.o
 .group         0x0000000000000000        0xc Core/GPIO/GPIO.o
 .group         0x0000000000000000        0xc Core/GPIO/GPIO.o
 .group         0x0000000000000000        0xc Core/GPIO/GPIO.o
 .group         0x0000000000000000        0xc Core/GPIO/GPIO.o
 .group         0x0000000000000000        0xc Core/GPIO/GPIO.o
 .group         0x0000000000000000        0xc Core/GPIO/GPIO.o
 .group         0x0000000000000000        0xc Core/GPIO/GPIO.o
 .group         0x0000000000000000        0xc Core/GPIO/GPIO.o
 .group         0x0000000000000000        0xc Core/GPIO/GPIO.o
 .text          0x0000000000000000        0x0 Core/GPIO/GPIO.o
 .data          0x0000000000000000        0x0 Core/GPIO/GPIO.o
 .bss           0x0000000000000000        0x0 Core/GPIO/GPIO.o
 .text.Led_On   0x0000000000000000       0x1c Core/GPIO/GPIO.o
 .text.Led_Off  0x0000000000000000       0x1c Core/GPIO/GPIO.o
 .text.Led_Toggle
                0x0000000000000000       0x1c Core/GPIO/GPIO.o
 .group         0x0000000000000000        0xc Core/main.o
 .group         0x0000000000000000        0xc Core/main.o
 .group         0x0000000000000000        0xc Core/main.o
 .group         0x0000000000000000        0xc Core/main.o
 .group         0x0000000000000000        0xc Core/main.o
 .group         0x0000000000000000        0xc Core/main.o
 .group         0x0000000000000000        0xc Core/main.o
 .group         0x0000000000000000        0xc Core/main.o
 .group         0x0000000000000000        0xc Core/main.o
 .group         0x0000000000000000        0xc Core/main.o
 .group         0x0000000000000000        0xc Core/main.o
 .group         0x0000000000000000        0xc Core/main.o
 .group         0x0000000000000000        0xc Core/main.o
 .group         0x0000000000000000        0xc Core/main.o
 .group         0x0000000000000000        0xc Core/main.o
 .text          0x0000000000000000        0x0 Core/main.o
 .data          0x0000000000000000        0x0 Core/main.o
 .bss           0x0000000000000000        0x0 Core/main.o
 .debug_macro   0x0000000000000000      0xa60 Core/main.o
 .debug_macro   0x0000000000000000       0x22 Core/main.o
 .debug_macro   0x0000000000000000       0x8e Core/main.o
 .debug_macro   0x0000000000000000       0x51 Core/main.o
 .debug_macro   0x0000000000000000       0xef Core/main.o
 .debug_macro   0x0000000000000000       0x6a Core/main.o
 .debug_macro   0x0000000000000000      0x1df Core/main.o
 .debug_macro   0x0000000000000000       0x2e Core/main.o
 .debug_macro   0x0000000000000000       0x22 Core/main.o
 .debug_macro   0x0000000000000000       0x1c Core/main.o
 .debug_macro   0x0000000000000000       0x22 Core/main.o
 .debug_macro   0x0000000000000000       0xc3 Core/main.o
 .debug_macro   0x0000000000000000      0xd23 Core/main.o
 .debug_macro   0x0000000000000000     0xe097 Core/main.o
 .debug_macro   0x0000000000000000       0x43 Core/main.o
 .text          0x0000000000000000       0x14 System/startup_stm32f103c8tx.o
 .data          0x0000000000000000        0x0 System/startup_stm32f103c8tx.o
 .bss           0x0000000000000000        0x0 System/startup_stm32f103c8tx.o
 .group         0x0000000000000000        0xc System/syscalls.o
 .group         0x0000000000000000        0xc System/syscalls.o
 .group         0x0000000000000000        0xc System/syscalls.o
 .group         0x0000000000000000        0xc System/syscalls.o
 .group         0x0000000000000000        0xc System/syscalls.o
 .group         0x0000000000000000        0xc System/syscalls.o
 .group         0x0000000000000000        0xc System/syscalls.o
 .group         0x0000000000000000        0xc System/syscalls.o
 .group         0x0000000000000000        0xc System/syscalls.o
 .group         0x0000000000000000        0xc System/syscalls.o
 .group         0x0000000000000000        0xc System/syscalls.o
 .group         0x0000000000000000        0xc System/syscalls.o
 .group         0x0000000000000000        0xc System/syscalls.o
 .group         0x0000000000000000        0xc System/syscalls.o
 .group         0x0000000000000000        0xc System/syscalls.o
 .group         0x0000000000000000        0xc System/syscalls.o
 .group         0x0000000000000000        0xc System/syscalls.o
 .group         0x0000000000000000        0xc System/syscalls.o
 .group         0x0000000000000000        0xc System/syscalls.o
 .group         0x0000000000000000        0xc System/syscalls.o
 .group         0x0000000000000000        0xc System/syscalls.o
 .group         0x0000000000000000        0xc System/syscalls.o
 .group         0x0000000000000000        0xc System/syscalls.o
 .group         0x0000000000000000        0xc System/syscalls.o
 .group         0x0000000000000000        0xc System/syscalls.o
 .group         0x0000000000000000        0xc System/syscalls.o
 .group         0x0000000000000000        0xc System/syscalls.o
 .group         0x0000000000000000        0xc System/syscalls.o
 .group         0x0000000000000000        0xc System/syscalls.o
 .group         0x0000000000000000        0xc System/syscalls.o
 .group         0x0000000000000000        0xc System/syscalls.o
 .group         0x0000000000000000        0xc System/syscalls.o
 .group         0x0000000000000000        0xc System/syscalls.o
 .group         0x0000000000000000        0xc System/syscalls.o
 .group         0x0000000000000000        0xc System/syscalls.o
 .group         0x0000000000000000        0xc System/syscalls.o
 .group         0x0000000000000000        0xc System/syscalls.o
 .group         0x0000000000000000        0xc System/syscalls.o
 .group         0x0000000000000000        0xc System/syscalls.o
 .group         0x0000000000000000        0xc System/syscalls.o
 .group         0x0000000000000000        0xc System/syscalls.o
 .group         0x0000000000000000        0xc System/syscalls.o
 .group         0x0000000000000000        0xc System/syscalls.o
 .group         0x0000000000000000        0xc System/syscalls.o
 .text          0x0000000000000000        0x0 System/syscalls.o
 .data          0x0000000000000000        0x0 System/syscalls.o
 .bss           0x0000000000000000        0x0 System/syscalls.o
 .bss.__env     0x0000000000000000        0x4 System/syscalls.o
 .data.environ  0x0000000000000000        0x4 System/syscalls.o
 .text.initialise_monitor_handles
                0x0000000000000000        0xc System/syscalls.o
 .text._getpid  0x0000000000000000        0xe System/syscalls.o
 .text._kill    0x0000000000000000       0x20 System/syscalls.o
 .text._exit    0x0000000000000000       0x14 System/syscalls.o
 .text._read    0x0000000000000000       0x3a System/syscalls.o
 .text._write   0x0000000000000000       0x38 System/syscalls.o
 .text._close   0x0000000000000000       0x16 System/syscalls.o
 .text._fstat   0x0000000000000000       0x1e System/syscalls.o
 .text._isatty  0x0000000000000000       0x14 System/syscalls.o
 .text._lseek   0x0000000000000000       0x18 System/syscalls.o
 .text._open    0x0000000000000000       0x1a System/syscalls.o
 .text._wait    0x0000000000000000       0x1e System/syscalls.o
 .text._unlink  0x0000000000000000       0x1e System/syscalls.o
 .text._times   0x0000000000000000       0x16 System/syscalls.o
 .text._stat    0x0000000000000000       0x1e System/syscalls.o
 .text._link    0x0000000000000000       0x20 System/syscalls.o
 .text._fork    0x0000000000000000       0x16 System/syscalls.o
 .text._execve  0x0000000000000000       0x22 System/syscalls.o
 .debug_info    0x0000000000000000      0xebd System/syscalls.o
 .debug_abbrev  0x0000000000000000      0x261 System/syscalls.o
 .debug_aranges
                0x0000000000000000       0xa8 System/syscalls.o
 .debug_ranges  0x0000000000000000       0x98 System/syscalls.o
 .debug_macro   0x0000000000000000      0x243 System/syscalls.o
 .debug_macro   0x0000000000000000      0xa60 System/syscalls.o
 .debug_macro   0x0000000000000000       0x22 System/syscalls.o
 .debug_macro   0x0000000000000000       0x40 System/syscalls.o
 .debug_macro   0x0000000000000000       0x18 System/syscalls.o
 .debug_macro   0x0000000000000000       0x94 System/syscalls.o
 .debug_macro   0x0000000000000000       0x3c System/syscalls.o
 .debug_macro   0x0000000000000000       0x34 System/syscalls.o
 .debug_macro   0x0000000000000000       0x57 System/syscalls.o
 .debug_macro   0x0000000000000000      0x174 System/syscalls.o
 .debug_macro   0x0000000000000000      0x330 System/syscalls.o
 .debug_macro   0x0000000000000000       0x52 System/syscalls.o
 .debug_macro   0x0000000000000000       0x1f System/syscalls.o
 .debug_macro   0x0000000000000000       0x43 System/syscalls.o
 .debug_macro   0x0000000000000000       0x20 System/syscalls.o
 .debug_macro   0x0000000000000000      0x1a3 System/syscalls.o
 .debug_macro   0x0000000000000000       0x10 System/syscalls.o
 .debug_macro   0x0000000000000000       0x35 System/syscalls.o
 .debug_macro   0x0000000000000000       0x10 System/syscalls.o
 .debug_macro   0x0000000000000000       0x10 System/syscalls.o
 .debug_macro   0x0000000000000000       0x10 System/syscalls.o
 .debug_macro   0x0000000000000000       0x6a System/syscalls.o
 .debug_macro   0x0000000000000000       0x1c System/syscalls.o
 .debug_macro   0x0000000000000000       0x52 System/syscalls.o
 .debug_macro   0x0000000000000000       0x40 System/syscalls.o
 .debug_macro   0x0000000000000000       0x10 System/syscalls.o
 .debug_macro   0x0000000000000000       0x40 System/syscalls.o
 .debug_macro   0x0000000000000000       0xd7 System/syscalls.o
 .debug_macro   0x0000000000000000       0x1c System/syscalls.o
 .debug_macro   0x0000000000000000       0x3d System/syscalls.o
 .debug_macro   0x0000000000000000       0x35 System/syscalls.o
 .debug_macro   0x0000000000000000      0x122 System/syscalls.o
 .debug_macro   0x0000000000000000       0x16 System/syscalls.o
 .debug_macro   0x0000000000000000       0x16 System/syscalls.o
 .debug_macro   0x0000000000000000       0x29 System/syscalls.o
 .debug_macro   0x0000000000000000       0x10 System/syscalls.o
 .debug_macro   0x0000000000000000      0x241 System/syscalls.o
 .debug_macro   0x0000000000000000       0x1c System/syscalls.o
 .debug_macro   0x0000000000000000       0x10 System/syscalls.o
 .debug_macro   0x0000000000000000       0x10 System/syscalls.o
 .debug_macro   0x0000000000000000       0x16 System/syscalls.o
 .debug_macro   0x0000000000000000      0x145 System/syscalls.o
 .debug_macro   0x0000000000000000      0x189 System/syscalls.o
 .debug_macro   0x0000000000000000       0x16 System/syscalls.o
 .debug_macro   0x0000000000000000       0x88 System/syscalls.o
 .debug_line    0x0000000000000000      0x73c System/syscalls.o
 .debug_str     0x0000000000000000     0x8872 System/syscalls.o
 .comment       0x0000000000000000       0x7c System/syscalls.o
 .debug_frame   0x0000000000000000      0x2ac System/syscalls.o
 .ARM.attributes
                0x0000000000000000       0x33 System/syscalls.o
 .group         0x0000000000000000        0xc System/sysmem.o
 .group         0x0000000000000000        0xc System/sysmem.o
 .group         0x0000000000000000        0xc System/sysmem.o
 .group         0x0000000000000000        0xc System/sysmem.o
 .group         0x0000000000000000        0xc System/sysmem.o
 .group         0x0000000000000000        0xc System/sysmem.o
 .group         0x0000000000000000        0xc System/sysmem.o
 .group         0x0000000000000000        0xc System/sysmem.o
 .group         0x0000000000000000        0xc System/sysmem.o
 .group         0x0000000000000000        0xc System/sysmem.o
 .group         0x0000000000000000        0xc System/sysmem.o
 .group         0x0000000000000000        0xc System/sysmem.o
 .group         0x0000000000000000        0xc System/sysmem.o
 .group         0x0000000000000000        0xc System/sysmem.o
 .group         0x0000000000000000        0xc System/sysmem.o
 .group         0x0000000000000000        0xc System/sysmem.o
 .group         0x0000000000000000        0xc System/sysmem.o
 .group         0x0000000000000000        0xc System/sysmem.o
 .group         0x0000000000000000        0xc System/sysmem.o
 .text          0x0000000000000000        0x0 System/sysmem.o
 .data          0x0000000000000000        0x0 System/sysmem.o
 .bss           0x0000000000000000        0x0 System/sysmem.o
 .bss.__sbrk_heap_end
                0x0000000000000000        0x4 System/sysmem.o
 .text._sbrk    0x0000000000000000       0x6c System/sysmem.o
 .debug_info    0x0000000000000000      0x985 System/sysmem.o
 .debug_abbrev  0x0000000000000000      0x19b System/sysmem.o
 .debug_aranges
                0x0000000000000000       0x20 System/sysmem.o
 .debug_ranges  0x0000000000000000       0x10 System/sysmem.o
 .debug_macro   0x0000000000000000       0xee System/sysmem.o
 .debug_macro   0x0000000000000000      0xa60 System/sysmem.o
 .debug_macro   0x0000000000000000       0x10 System/sysmem.o
 .debug_macro   0x0000000000000000       0x22 System/sysmem.o
 .debug_macro   0x0000000000000000       0x40 System/sysmem.o
 .debug_macro   0x0000000000000000       0x18 System/sysmem.o
 .debug_macro   0x0000000000000000       0x94 System/sysmem.o
 .debug_macro   0x0000000000000000       0x3c System/sysmem.o
 .debug_macro   0x0000000000000000       0x34 System/sysmem.o
 .debug_macro   0x0000000000000000      0x174 System/sysmem.o
 .debug_macro   0x0000000000000000       0x57 System/sysmem.o
 .debug_macro   0x0000000000000000       0x52 System/sysmem.o
 .debug_macro   0x0000000000000000       0x1f System/sysmem.o
 .debug_macro   0x0000000000000000       0x43 System/sysmem.o
 .debug_macro   0x0000000000000000       0x20 System/sysmem.o
 .debug_macro   0x0000000000000000      0x1a3 System/sysmem.o
 .debug_macro   0x0000000000000000      0x23b System/sysmem.o
 .debug_macro   0x0000000000000000       0xef System/sysmem.o
 .debug_macro   0x0000000000000000       0x6a System/sysmem.o
 .debug_macro   0x0000000000000000      0x1df System/sysmem.o
 .debug_line    0x0000000000000000      0x4c5 System/sysmem.o
 .debug_str     0x0000000000000000     0x5f40 System/sysmem.o
 .comment       0x0000000000000000       0x7c System/sysmem.o
 .debug_frame   0x0000000000000000       0x34 System/sysmem.o
 .ARM.attributes
                0x0000000000000000       0x33 System/sysmem.o
 .text          0x0000000000000000        0x0 c:/st/stm32cubeide_1.0.2/stm32cubeide/plugins/com.st.stm32cube.ide.mcu.externaltools.gnu-tools-for-stm32.7-2018-q2-update.win32_1.5.0.202011040924/tools/bin/../lib/gcc/arm-none-eabi/7.3.1/../../../../arm-none-eabi/lib/thumb/v7-m\libc_nano.a(lib_a-errno.o)
 .data          0x0000000000000000        0x0 c:/st/stm32cubeide_1.0.2/stm32cubeide/plugins/com.st.stm32cube.ide.mcu.externaltools.gnu-tools-for-stm32.7-2018-q2-update.win32_1.5.0.202011040924/tools/bin/../lib/gcc/arm-none-eabi/7.3.1/../../../../arm-none-eabi/lib/thumb/v7-m\libc_nano.a(lib_a-errno.o)
 .bss           0x0000000000000000        0x0 c:/st/stm32cubeide_1.0.2/stm32cubeide/plugins/com.st.stm32cube.ide.mcu.externaltools.gnu-tools-for-stm32.7-2018-q2-update.win32_1.5.0.202011040924/tools/bin/../lib/gcc/arm-none-eabi/7.3.1/../../../../arm-none-eabi/lib/thumb/v7-m\libc_nano.a(lib_a-errno.o)
 .text.__errno  0x0000000000000000        0xc c:/st/stm32cubeide_1.0.2/stm32cubeide/plugins/com.st.stm32cube.ide.mcu.externaltools.gnu-tools-for-stm32.7-2018-q2-update.win32_1.5.0.202011040924/tools/bin/../lib/gcc/arm-none-eabi/7.3.1/../../../../arm-none-eabi/lib/thumb/v7-m\libc_nano.a(lib_a-errno.o)
 .debug_frame   0x0000000000000000       0x20 c:/st/stm32cubeide_1.0.2/stm32cubeide/plugins/com.st.stm32cube.ide.mcu.externaltools.gnu-tools-for-stm32.7-2018-q2-update.win32_1.5.0.202011040924/tools/bin/../lib/gcc/arm-none-eabi/7.3.1/../../../../arm-none-eabi/lib/thumb/v7-m\libc_nano.a(lib_a-errno.o)
 .ARM.attributes
                0x0000000000000000       0x2d c:/st/stm32cubeide_1.0.2/stm32cubeide/plugins/com.st.stm32cube.ide.mcu.externaltools.gnu-tools-for-stm32.7-2018-q2-update.win32_1.5.0.202011040924/tools/bin/../lib/gcc/arm-none-eabi/7.3.1/../../../../arm-none-eabi/lib/thumb/v7-m\libc_nano.a(lib_a-errno.o)
 .text          0x0000000000000000        0x0 c:/st/stm32cubeide_1.0.2/stm32cubeide/plugins/com.st.stm32cube.ide.mcu.externaltools.gnu-tools-for-stm32.7-2018-q2-update.win32_1.5.0.202011040924/tools/bin/../lib/gcc/arm-none-eabi/7.3.1/../../../../arm-none-eabi/lib/thumb/v7-m\libc_nano.a(lib_a-exit.o)
 .data          0x0000000000000000        0x0 c:/st/stm32cubeide_1.0.2/stm32cubeide/plugins/com.st.stm32cube.ide.mcu.externaltools.gnu-tools-for-stm32.7-2018-q2-update.win32_1.5.0.202011040924/tools/bin/../lib/gcc/arm-none-eabi/7.3.1/../../../../arm-none-eabi/lib/thumb/v7-m\libc_nano.a(lib_a-exit.o)
 .bss           0x0000000000000000        0x0 c:/st/stm32cubeide_1.0.2/stm32cubeide/plugins/com.st.stm32cube.ide.mcu.externaltools.gnu-tools-for-stm32.7-2018-q2-update.win32_1.5.0.202011040924/tools/bin/../lib/gcc/arm-none-eabi/7.3.1/../../../../arm-none-eabi/lib/thumb/v7-m\libc_nano.a(lib_a-exit.o)
 .text.exit     0x0000000000000000       0x28 c:/st/stm32cubeide_1.0.2/stm32cubeide/plugins/com.st.stm32cube.ide.mcu.externaltools.gnu-tools-for-stm32.7-2018-q2-update.win32_1.5.0.202011040924/tools/bin/../lib/gcc/arm-none-eabi/7.3.1/../../../../arm-none-eabi/lib/thumb/v7-m\libc_nano.a(lib_a-exit.o)
 .debug_frame   0x0000000000000000       0x28 c:/st/stm32cubeide_1.0.2/stm32cubeide/plugins/com.st.stm32cube.ide.mcu.externaltools.gnu-tools-for-stm32.7-2018-q2-update.win32_1.5.0.202011040924/tools/bin/../lib/gcc/arm-none-eabi/7.3.1/../../../../arm-none-eabi/lib/thumb/v7-m\libc_nano.a(lib_a-exit.o)
 .ARM.attributes
                0x0000000000000000       0x2d c:/st/stm32cubeide_1.0.2/stm32cubeide/plugins/com.st.stm32cube.ide.mcu.externaltools.gnu-tools-for-stm32.7-2018-q2-update.win32_1.5.0.202011040924/tools/bin/../lib/gcc/arm-none-eabi/7.3.1/../../../../arm-none-eabi/lib/thumb/v7-m\libc_nano.a(lib_a-exit.o)
 .text          0x0000000000000000        0x0 c:/st/stm32cubeide_1.0.2/stm32cubeide/plugins/com.st.stm32cube.ide.mcu.externaltools.gnu-tools-for-stm32.7-2018-q2-update.win32_1.5.0.202011040924/tools/bin/../lib/gcc/arm-none-eabi/7.3.1/../../../../arm-none-eabi/lib/thumb/v7-m\libc_nano.a(lib_a-impure.o)
 .data          0x0000000000000000        0x0 c:/st/stm32cubeide_1.0.2/stm32cubeide/plugins/com.st.stm32cube.ide.mcu.externaltools.gnu-tools-for-stm32.7-2018-q2-update.win32_1.5.0.202011040924/tools/bin/../lib/gcc/arm-none-eabi/7.3.1/../../../../arm-none-eabi/lib/thumb/v7-m\libc_nano.a(lib_a-impure.o)
 .bss           0x0000000000000000        0x0 c:/st/stm32cubeide_1.0.2/stm32cubeide/plugins/com.st.stm32cube.ide.mcu.externaltools.gnu-tools-for-stm32.7-2018-q2-update.win32_1.5.0.202011040924/tools/bin/../lib/gcc/arm-none-eabi/7.3.1/../../../../arm-none-eabi/lib/thumb/v7-m\libc_nano.a(lib_a-impure.o)
 .data._impure_ptr
                0x0000000000000000        0x4 c:/st/stm32cubeide_1.0.2/stm32cubeide/plugins/com.st.stm32cube.ide.mcu.externaltools.gnu-tools-for-stm32.7-2018-q2-update.win32_1.5.0.202011040924/tools/bin/../lib/gcc/arm-none-eabi/7.3.1/../../../../arm-none-eabi/lib/thumb/v7-m\libc_nano.a(lib_a-impure.o)
 .data.impure_data
                0x0000000000000000       0x60 c:/st/stm32cubeide_1.0.2/stm32cubeide/plugins/com.st.stm32cube.ide.mcu.externaltools.gnu-tools-for-stm32.7-2018-q2-update.win32_1.5.0.202011040924/tools/bin/../lib/gcc/arm-none-eabi/7.3.1/../../../../arm-none-eabi/lib/thumb/v7-m\libc_nano.a(lib_a-impure.o)
 .rodata._global_impure_ptr
                0x0000000000000000        0x4 c:/st/stm32cubeide_1.0.2/stm32cubeide/plugins/com.st.stm32cube.ide.mcu.externaltools.gnu-tools-for-stm32.7-2018-q2-update.win32_1.5.0.202011040924/tools/bin/../lib/gcc/arm-none-eabi/7.3.1/../../../../arm-none-eabi/lib/thumb/v7-m\libc_nano.a(lib_a-impure.o)
 .ARM.attributes
                0x0000000000000000       0x2d c:/st/stm32cubeide_1.0.2/stm32cubeide/plugins/com.st.stm32cube.ide.mcu.externaltools.gnu-tools-for-stm32.7-2018-q2-update.win32_1.5.0.202011040924/tools/bin/../lib/gcc/arm-none-eabi/7.3.1/../../../../arm-none-eabi/lib/thumb/v7-m\libc_nano.a(lib_a-impure.o)
 .text          0x0000000000000000        0x0 c:/st/stm32cubeide_1.0.2/stm32cubeide/plugins/com.st.stm32cube.ide.mcu.externaltools.gnu-tools-for-stm32.7-2018-q2-update.win32_1.5.0.202011040924/tools/bin/../lib/gcc/arm-none-eabi/7.3.1/../../../../arm-none-eabi/lib/thumb/v7-m\libc_nano.a(lib_a-init.o)
 .data          0x0000000000000000        0x0 c:/st/stm32cubeide_1.0.2/stm32cubeide/plugins/com.st.stm32cube.ide.mcu.externaltools.gnu-tools-for-stm32.7-2018-q2-update.win32_1.5.0.202011040924/tools/bin/../lib/gcc/arm-none-eabi/7.3.1/../../../../arm-none-eabi/lib/thumb/v7-m\libc_nano.a(lib_a-init.o)
 .bss           0x0000000000000000        0x0 c:/st/stm32cubeide_1.0.2/stm32cubeide/plugins/com.st.stm32cube.ide.mcu.externaltools.gnu-tools-for-stm32.7-2018-q2-update.win32_1.5.0.202011040924/tools/bin/../lib/gcc/arm-none-eabi/7.3.1/../../../../arm-none-eabi/lib/thumb/v7-m\libc_nano.a(lib_a-init.o)
 .text          0x0000000000000000        0x0 c:/st/stm32cubeide_1.0.2/stm32cubeide/plugins/com.st.stm32cube.ide.mcu.externaltools.gnu-tools-for-stm32.7-2018-q2-update.win32_1.5.0.202011040924/tools/bin/../lib/gcc/arm-none-eabi/7.3.1/../../../../arm-none-eabi/lib/thumb/v7-m\libc_nano.a(lib_a-memset.o)
 .data          0x0000000000000000        0x0 c:/st/stm32cubeide_1.0.2/stm32cubeide/plugins/com.st.stm32cube.ide.mcu.externaltools.gnu-tools-for-stm32.7-2018-q2-update.win32_1.5.0.202011040924/tools/bin/../lib/gcc/arm-none-eabi/7.3.1/../../../../arm-none-eabi/lib/thumb/v7-m\libc_nano.a(lib_a-memset.o)
 .bss           0x0000000000000000        0x0 c:/st/stm32cubeide_1.0.2/stm32cubeide/plugins/com.st.stm32cube.ide.mcu.externaltools.gnu-tools-for-stm32.7-2018-q2-update.win32_1.5.0.202011040924/tools/bin/../lib/gcc/arm-none-eabi/7.3.1/../../../../arm-none-eabi/lib/thumb/v7-m\libc_nano.a(lib_a-memset.o)
 .text.memset   0x0000000000000000       0x10 c:/st/stm32cubeide_1.0.2/stm32cubeide/plugins/com.st.stm32cube.ide.mcu.externaltools.gnu-tools-for-stm32.7-2018-q2-update.win32_1.5.0.202011040924/tools/bin/../lib/gcc/arm-none-eabi/7.3.1/../../../../arm-none-eabi/lib/thumb/v7-m\libc_nano.a(lib_a-memset.o)
 .debug_frame   0x0000000000000000       0x20 c:/st/stm32cubeide_1.0.2/stm32cubeide/plugins/com.st.stm32cube.ide.mcu.externaltools.gnu-tools-for-stm32.7-2018-q2-update.win32_1.5.0.202011040924/tools/bin/../lib/gcc/arm-none-eabi/7.3.1/../../../../arm-none-eabi/lib/thumb/v7-m\libc_nano.a(lib_a-memset.o)
 .ARM.attributes
                0x0000000000000000       0x2d c:/st/stm32cubeide_1.0.2/stm32cubeide/plugins/com.st.stm32cube.ide.mcu.externaltools.gnu-tools-for-stm32.7-2018-q2-update.win32_1.5.0.202011040924/tools/bin/../lib/gcc/arm-none-eabi/7.3.1/../../../../arm-none-eabi/lib/thumb/v7-m\libc_nano.a(lib_a-memset.o)
 .text          0x0000000000000000        0x0 c:/st/stm32cubeide_1.0.2/stm32cubeide/plugins/com.st.stm32cube.ide.mcu.externaltools.gnu-tools-for-stm32.7-2018-q2-update.win32_1.5.0.202011040924/tools/bin/../lib/gcc/arm-none-eabi/7.3.1/thumb/v7-m/crtend.o
 .data          0x0000000000000000        0x0 c:/st/stm32cubeide_1.0.2/stm32cubeide/plugins/com.st.stm32cube.ide.mcu.externaltools.gnu-tools-for-stm32.7-2018-q2-update.win32_1.5.0.202011040924/tools/bin/../lib/gcc/arm-none-eabi/7.3.1/thumb/v7-m/crtend.o
 .bss           0x0000000000000000        0x0 c:/st/stm32cubeide_1.0.2/stm32cubeide/plugins/com.st.stm32cube.ide.mcu.externaltools.gnu-tools-for-stm32.7-2018-q2-update.win32_1.5.0.202011040924/tools/bin/../lib/gcc/arm-none-eabi/7.3.1/thumb/v7-m/crtend.o
 .eh_frame      0x0000000000000000        0x4 c:/st/stm32cubeide_1.0.2/stm32cubeide/plugins/com.st.stm32cube.ide.mcu.externaltools.gnu-tools-for-stm32.7-2018-q2-update.win32_1.5.0.202011040924/tools/bin/../lib/gcc/arm-none-eabi/7.3.1/thumb/v7-m/crtend.o
 .ARM.attributes
                0x0000000000000000       0x2d c:/st/stm32cubeide_1.0.2/stm32cubeide/plugins/com.st.stm32cube.ide.mcu.externaltools.gnu-tools-for-stm32.7-2018-q2-update.win32_1.5.0.202011040924/tools/bin/../lib/gcc/arm-none-eabi/7.3.1/thumb/v7-m/crtend.o
 .text          0x0000000000000000        0x0 c:/st/stm32cubeide_1.0.2/stm32cubeide/plugins/com.st.stm32cube.ide.mcu.externaltools.gnu-tools-for-stm32.7-2018-q2-update.win32_1.5.0.202011040924/tools/bin/../lib/gcc/arm-none-eabi/7.3.1/thumb/v7-m/crtn.o
 .data          0x0000000000000000        0x0 c:/st/stm32cubeide_1.0.2/stm32cubeide/plugins/com.st.stm32cube.ide.mcu.externaltools.gnu-tools-for-stm32.7-2018-q2-update.win32_1.5.0.202011040924/tools/bin/../lib/gcc/arm-none-eabi/7.3.1/thumb/v7-m/crtn.o
 .bss           0x0000000000000000        0x0 c:/st/stm32cubeide_1.0.2/stm32cubeide/plugins/com.st.stm32cube.ide.mcu.externaltools.gnu-tools-for-stm32.7-2018-q2-update.win32_1.5.0.202011040924/tools/bin/../lib/gcc/arm-none-eabi/7.3.1/thumb/v7-m/crtn.o

Memory Configuration

Name             Origin             Length             Attributes
RAM              0x0000000020000000 0x0000000000005000 xrw
FLASH            0x0000000008000000 0x0000000000010000 xr
*default*        0x0000000000000000 0xffffffffffffffff

Linker script and memory map

LOAD c:/st/stm32cubeide_1.0.2/stm32cubeide/plugins/com.st.stm32cube.ide.mcu.externaltools.gnu-tools-for-stm32.7-2018-q2-update.win32_1.5.0.202011040924/tools/bin/../lib/gcc/arm-none-eabi/7.3.1/thumb/v7-m/crti.o
LOAD c:/st/stm32cubeide_1.0.2/stm32cubeide/plugins/com.st.stm32cube.ide.mcu.externaltools.gnu-tools-for-stm32.7-2018-q2-update.win32_1.5.0.202011040924/tools/bin/../lib/gcc/arm-none-eabi/7.3.1/thumb/v7-m/crtbegin.o
LOAD c:/st/stm32cubeide_1.0.2/stm32cubeide/plugins/com.st.stm32cube.ide.mcu.externaltools.gnu-tools-for-stm32.7-2018-q2-update.win32_1.5.0.202011040924/tools/bin/../lib/gcc/arm-none-eabi/7.3.1/../../../../arm-none-eabi/lib/thumb/v7-m/crt0.o
LOAD Core/GPIO/GPIO.o
LOAD Core/main.o
LOAD System/startup_stm32f103c8tx.o
LOAD System/syscalls.o
LOAD System/sysmem.o
START GROUP
LOAD c:/st/stm32cubeide_1.0.2/stm32cubeide/plugins/com.st.stm32cube.ide.mcu.externaltools.gnu-tools-for-stm32.7-2018-q2-update.win32_1.5.0.202011040924/tools/bin/../lib/gcc/arm-none-eabi/7.3.1/../../../../arm-none-eabi/lib/thumb/v7-m\libc_nano.a
LOAD c:/st/stm32cubeide_1.0.2/stm32cubeide/plugins/com.st.stm32cube.ide.mcu.externaltools.gnu-tools-for-stm32.7-2018-q2-update.win32_1.5.0.202011040924/tools/bin/../lib/gcc/arm-none-eabi/7.3.1/../../../../arm-none-eabi/lib/thumb/v7-m\libm.a
END GROUP
START GROUP
LOAD c:/st/stm32cubeide_1.0.2/stm32cubeide/plugins/com.st.stm32cube.ide.mcu.externaltools.gnu-tools-for-stm32.7-2018-q2-update.win32_1.5.0.202011040924/tools/bin/../lib/gcc/arm-none-eabi/7.3.1/thumb/v7-m\libgcc.a
LOAD c:/st/stm32cubeide_1.0.2/stm32cubeide/plugins/com.st.stm32cube.ide.mcu.externaltools.gnu-tools-for-stm32.7-2018-q2-update.win32_1.5.0.202011040924/tools/bin/../lib/gcc/arm-none-eabi/7.3.1/../../../../arm-none-eabi/lib/thumb/v7-m\libc_nano.a
END GROUP
START GROUP
LOAD c:/st/stm32cubeide_1.0.2/stm32cubeide/plugins/com.st.stm32cube.ide.mcu.externaltools.gnu-tools-for-stm32.7-2018-q2-update.win32_1.5.0.202011040924/tools/bin/../lib/gcc/arm-none-eabi/7.3.1/thumb/v7-m\libgcc.a
LOAD c:/st/stm32cubeide_1.0.2/stm32cubeide/plugins/com.st.stm32cube.ide.mcu.externaltools.gnu-tools-for-stm32.7-2018-q2-update.win32_1.5.0.202011040924/tools/bin/../lib/gcc/arm-none-eabi/7.3.1/../../../../arm-none-eabi/lib/thumb/v7-m\libc_nano.a
LOAD c:/st/stm32cubeide_1.0.2/stm32cubeide/plugins/com.st.stm32cube.ide.mcu.externaltools.gnu-tools-for-stm32.7-2018-q2-update.win32_1.5.0.202011040924/tools/bin/../lib/gcc/arm-none-eabi/7.3.1/../../../../arm-none-eabi/lib/thumb/v7-m\libnosys.a
END GROUP
START GROUP
LOAD c:/st/stm32cubeide_1.0.2/stm32cubeide/plugins/com.st.stm32cube.ide.mcu.externaltools.gnu-tools-for-stm32.7-2018-q2-update.win32_1.5.0.202011040924/tools/bin/../lib/gcc/arm-none-eabi/7.3.1/thumb/v7-m\libgcc.a
LOAD c:/st/stm32cubeide_1.0.2/stm32cubeide/plugins/com.st.stm32cube.ide.mcu.externaltools.gnu-tools-for-stm32.7-2018-q2-update.win32_1.5.0.202011040924/tools/bin/../lib/gcc/arm-none-eabi/7.3.1/../../../../arm-none-eabi/lib/thumb/v7-m\libc_nano.a
LOAD c:/st/stm32cubeide_1.0.2/stm32cubeide/plugins/com.st.stm32cube.ide.mcu.externaltools.gnu-tools-for-stm32.7-2018-q2-update.win32_1.5.0.202011040924/tools/bin/../lib/gcc/arm-none-eabi/7.3.1/../../../../arm-none-eabi/lib/thumb/v7-m\libnosys.a
END GROUP
LOAD c:/st/stm32cubeide_1.0.2/stm32cubeide/plugins/com.st.stm32cube.ide.mcu.externaltools.gnu-tools-for-stm32.7-2018-q2-update.win32_1.5.0.202011040924/tools/bin/../lib/gcc/arm-none-eabi/7.3.1/thumb/v7-m/crtend.o
LOAD c:/st/stm32cubeide_1.0.2/stm32cubeide/plugins/com.st.stm32cube.ide.mcu.externaltools.gnu-tools-for-stm32.7-2018-q2-update.win32_1.5.0.202011040924/tools/bin/../lib/gcc/arm-none-eabi/7.3.1/thumb/v7-m/crtn.o
                0x0000000020005000                _estack = (ORIGIN (RAM) + LENGTH (RAM))
                0x0000000000000200                _Min_Heap_Size = 0x200
                0x0000000000000400                _Min_Stack_Size = 0x400

.isr_vector     0x0000000008000000      0x130
                0x0000000008000000                . = ALIGN (0x4)
 *(.isr_vector)
 .isr_vector    0x0000000008000000      0x130 System/startup_stm32f103c8tx.o
                0x0000000008000000                g_pfnVectors
                0x0000000008000130                . = ALIGN (0x4)

.text           0x0000000008000130      0x1fc
                0x0000000008000130                . = ALIGN (0x4)
 *(.text)
 .text          0x0000000008000130       0x40 c:/st/stm32cubeide_1.0.2/stm32cubeide/plugins/com.st.stm32cube.ide.mcu.externaltools.gnu-tools-for-stm32.7-2018-q2-update.win32_1.5.0.202011040924/tools/bin/../lib/gcc/arm-none-eabi/7.3.1/thumb/v7-m/crtbegin.o
 *(.text*)
 .text.ButtonInit
                0x0000000008000170       0x5c Core/GPIO/GPIO.o
                0x0000000008000170                ButtonInit
 .text.ButtonRead
                0x00000000080001cc       0x24 Core/GPIO/GPIO.o
                0x00000000080001cc                ButtonRead
 .text.LED_Init
                0x00000000080001f0       0x5c Core/GPIO/GPIO.o
                0x00000000080001f0                LED_Init
 .text.main     0x000000000800024c       0x2c Core/main.o
                0x000000000800024c                main
 .text.Reset_Handler
                0x0000000008000278       0x50 System/startup_stm32f103c8tx.o
                0x0000000008000278                Reset_Handler
 .text.Default_Handler
                0x00000000080002c8        0x2 System/startup_stm32f103c8tx.o
                0x00000000080002c8                EXTI2_IRQHandler
                0x00000000080002c8                TIM8_TRG_COM_IRQHandler
                0x00000000080002c8                TIM8_CC_IRQHandler
                0x00000000080002c8                DebugMon_Handler
                0x00000000080002c8                TIM1_CC_IRQHandler
                0x00000000080002c8                HardFault_Handler
                0x00000000080002c8                TIM6_IRQHandler
                0x00000000080002c8                SysTick_Handler
                0x00000000080002c8                PVD_IRQHandler
                0x00000000080002c8                SDIO_IRQHandler
                0x00000000080002c8                PendSV_Handler
                0x00000000080002c8                NMI_Handler
                0x00000000080002c8                EXTI3_IRQHandler
                0x00000000080002c8                USB_HP_CAN_TX_IRQHandler
                0x00000000080002c8                EXTI0_IRQHandler
                0x00000000080002c8                I2C2_EV_IRQHandler
                0x00000000080002c8                UsageFault_Handler
                0x00000000080002c8                ADC1_2_IRQHandler
                0x00000000080002c8                SPI1_IRQHandler
                0x00000000080002c8                CAN_SCE_IRQHandler
                0x00000000080002c8                TAMPER_IRQHandler
                0x00000000080002c8                TIM8_UP_IRQHandler
                0x00000000080002c8                DMA2_Channel2_IRQHandler
                0x00000000080002c8                DMA1_Channel4_IRQHandler
                0x00000000080002c8                USART3_IRQHandler
                0x00000000080002c8                RTC_IRQHandler
                0x00000000080002c8                DMA1_Channel7_IRQHandler
                0x00000000080002c8                UART5_IRQHandler
                0x00000000080002c8                ADC3_IRQHandler
                0x00000000080002c8                TIM4_IRQHandler
                0x00000000080002c8                CAN_RX1_IRQHandler
                0x00000000080002c8                DMA2_Channel1_IRQHandler
                0x00000000080002c8                I2C1_EV_IRQHandler
                0x00000000080002c8                DMA1_Channel6_IRQHandler
                0x00000000080002c8                UART4_IRQHandler
                0x00000000080002c8                TIM3_IRQHandler
                0x00000000080002c8                RCC_IRQHandler
                0x00000000080002c8                TIM1_TRG_COM_IRQHandler
                0x00000000080002c8                DMA1_Channel1_IRQHandler
                0x00000000080002c8                Default_Handler
                0x00000000080002c8                EXTI15_10_IRQHandler
                0x00000000080002c8                TIM7_IRQHandler
                0x00000000080002c8                TIM5_IRQHandler
                0x00000000080002c8                EXTI9_5_IRQHandler
                0x00000000080002c8                SPI2_IRQHandler
                0x00000000080002c8                USB_LP_CAN_RX0_IRQHandler
                0x00000000080002c8                MemManage_Handler
                0x00000000080002c8                SVC_Handler
                0x00000000080002c8                DMA1_Channel5_IRQHandler
                0x00000000080002c8                EXTI4_IRQHandler
                0x00000000080002c8                DMA1_Channel3_IRQHandler
                0x00000000080002c8                FSMC_IRQHandler
                0x00000000080002c8                TIM1_UP_IRQHandler
                0x00000000080002c8                WWDG_IRQHandler
                0x00000000080002c8                TIM2_IRQHandler
                0x00000000080002c8                TIM1_BRK_IRQHandler
                0x00000000080002c8                EXTI1_IRQHandler
                0x00000000080002c8                RTCAlarm_IRQHandler
                0x00000000080002c8                DMA2_Channel4_5_IRQHandler
                0x00000000080002c8                USART2_IRQHandler
                0x00000000080002c8                I2C2_ER_IRQHandler
                0x00000000080002c8                DMA1_Channel2_IRQHandler
                0x00000000080002c8                TIM8_BRK_IRQHandler
                0x00000000080002c8                FLASH_IRQHandler
                0x00000000080002c8                BusFault_Handler
                0x00000000080002c8                USART1_IRQHandler
                0x00000000080002c8                SPI3_IRQHandler
                0x00000000080002c8                I2C1_ER_IRQHandler
                0x00000000080002c8                DMA2_Channel3_IRQHandler
 *fill*         0x00000000080002ca        0x2 
 .text.__libc_init_array
                0x00000000080002cc       0x48 c:/st/stm32cubeide_1.0.2/stm32cubeide/plugins/com.st.stm32cube.ide.mcu.externaltools.gnu-tools-for-stm32.7-2018-q2-update.win32_1.5.0.202011040924/tools/bin/../lib/gcc/arm-none-eabi/7.3.1/../../../../arm-none-eabi/lib/thumb/v7-m\libc_nano.a(lib_a-init.o)
                0x00000000080002cc                __libc_init_array
 *(.glue_7)
 .glue_7        0x0000000008000314        0x0 linker stubs
 *(.glue_7t)
 .glue_7t       0x0000000008000314        0x0 linker stubs
 *(.eh_frame)
 .eh_frame      0x0000000008000314        0x0 c:/st/stm32cubeide_1.0.2/stm32cubeide/plugins/com.st.stm32cube.ide.mcu.externaltools.gnu-tools-for-stm32.7-2018-q2-update.win32_1.5.0.202011040924/tools/bin/../lib/gcc/arm-none-eabi/7.3.1/thumb/v7-m/crtbegin.o
 *(.init)
 .init          0x0000000008000314        0x4 c:/st/stm32cubeide_1.0.2/stm32cubeide/plugins/com.st.stm32cube.ide.mcu.externaltools.gnu-tools-for-stm32.7-2018-q2-update.win32_1.5.0.202011040924/tools/bin/../lib/gcc/arm-none-eabi/7.3.1/thumb/v7-m/crti.o
                0x0000000008000314                _init
 .init          0x0000000008000318        0x8 c:/st/stm32cubeide_1.0.2/stm32cubeide/plugins/com.st.stm32cube.ide.mcu.externaltools.gnu-tools-for-stm32.7-2018-q2-update.win32_1.5.0.202011040924/tools/bin/../lib/gcc/arm-none-eabi/7.3.1/thumb/v7-m/crtn.o
 *(.fini)
 .fini          0x0000000008000320        0x4 c:/st/stm32cubeide_1.0.2/stm32cubeide/plugins/com.st.stm32cube.ide.mcu.externaltools.gnu-tools-for-stm32.7-2018-q2-update.win32_1.5.0.202011040924/tools/bin/../lib/gcc/arm-none-eabi/7.3.1/thumb/v7-m/crti.o
                0x0000000008000320                _fini
 .fini          0x0000000008000324        0x8 c:/st/stm32cubeide_1.0.2/stm32cubeide/plugins/com.st.stm32cube.ide.mcu.externaltools.gnu-tools-for-stm32.7-2018-q2-update.win32_1.5.0.202011040924/tools/bin/../lib/gcc/arm-none-eabi/7.3.1/thumb/v7-m/crtn.o
                0x000000000800032c                . = ALIGN (0x4)
                0x000000000800032c                _etext = .

.vfp11_veneer   0x000000000800032c        0x0
 .vfp11_veneer  0x000000000800032c        0x0 linker stubs

.v4_bx          0x000000000800032c        0x0
 .v4_bx         0x000000000800032c        0x0 linker stubs

.iplt           0x000000000800032c        0x0
 .iplt          0x000000000800032c        0x0 c:/st/stm32cubeide_1.0.2/stm32cubeide/plugins/com.st.stm32cube.ide.mcu.externaltools.gnu-tools-for-stm32.7-2018-q2-update.win32_1.5.0.202011040924/tools/bin/../lib/gcc/arm-none-eabi/7.3.1/thumb/v7-m/crtbegin.o

.rel.dyn        0x000000000800032c        0x0
 .rel.iplt      0x000000000800032c        0x0 c:/st/stm32cubeide_1.0.2/stm32cubeide/plugins/com.st.stm32cube.ide.mcu.externaltools.gnu-tools-for-stm32.7-2018-q2-update.win32_1.5.0.202011040924/tools/bin/../lib/gcc/arm-none-eabi/7.3.1/thumb/v7-m/crtbegin.o

.rodata         0x000000000800032c        0x0
                0x000000000800032c                . = ALIGN (0x4)
 *(.rodata)
 *(.rodata*)
                0x000000000800032c                . = ALIGN (0x4)

.ARM.extab      0x000000000800032c        0x0
                0x000000000800032c                . = ALIGN (0x4)
 *(.ARM.extab* .gnu.linkonce.armextab.*)
                0x000000000800032c                . = ALIGN (0x4)

.ARM            0x000000000800032c        0x0
                0x000000000800032c                . = ALIGN (0x4)
                0x000000000800032c                __exidx_start = .
 *(.ARM.exidx*)
                0x000000000800032c                __exidx_end = .
                0x000000000800032c                . = ALIGN (0x4)

.preinit_array  0x000000000800032c        0x0
                0x000000000800032c                . = ALIGN (0x4)
                0x000000000800032c                PROVIDE (__preinit_array_start = .)
 *(.preinit_array*)
                0x000000000800032c                PROVIDE (__preinit_array_end = .)
                0x000000000800032c                . = ALIGN (0x4)

.init_array     0x000000000800032c        0x4
                0x000000000800032c                . = ALIGN (0x4)
                0x000000000800032c                PROVIDE (__init_array_start = .)
 *(SORT_BY_NAME(.init_array.*))
 *(.init_array*)
 .init_array    0x000000000800032c        0x4 c:/st/stm32cubeide_1.0.2/stm32cubeide/plugins/com.st.stm32cube.ide.mcu.externaltools.gnu-tools-for-stm32.7-2018-q2-update.win32_1.5.0.202011040924/tools/bin/../lib/gcc/arm-none-eabi/7.3.1/thumb/v7-m/crtbegin.o
                0x0000000008000330                PROVIDE (__init_array_end = .)
                0x0000000008000330                . = ALIGN (0x4)

.fini_array     0x0000000008000330        0x4
                0x0000000008000330                . = ALIGN (0x4)
                [!provide]                        PROVIDE (__fini_array_start = .)
 *(SORT_BY_NAME(.fini_array.*))
 *(.fini_array*)
 .fini_array    0x0000000008000330        0x4 c:/st/stm32cubeide_1.0.2/stm32cubeide/plugins/com.st.stm32cube.ide.mcu.externaltools.gnu-tools-for-stm32.7-2018-q2-update.win32_1.5.0.202011040924/tools/bin/../lib/gcc/arm-none-eabi/7.3.1/thumb/v7-m/crtbegin.o
                [!provide]                        PROVIDE (__fini_array_end = .)
                0x0000000008000334                . = ALIGN (0x4)
                0x0000000008000334                _sidata = LOADADDR (.data)

.data           0x0000000020000000        0x0 load address 0x0000000008000334
                0x0000000020000000                . = ALIGN (0x4)
                0x0000000020000000                _sdata = .
 *(.data)
 *(.data*)
 *(.RamFunc)
 *(.RamFunc*)
                0x0000000020000000                . = ALIGN (0x4)
                0x0000000020000000                _edata = .

.igot.plt       0x0000000020000000        0x0 load address 0x0000000008000334
 .igot.plt      0x0000000020000000        0x0 c:/st/stm32cubeide_1.0.2/stm32cubeide/plugins/com.st.stm32cube.ide.mcu.externaltools.gnu-tools-for-stm32.7-2018-q2-update.win32_1.5.0.202011040924/tools/bin/../lib/gcc/arm-none-eabi/7.3.1/thumb/v7-m/crtbegin.o
                0x0000000020000000                . = ALIGN (0x4)

.bss            0x0000000020000000       0x1c load address 0x0000000008000334
                0x0000000020000000                _sbss = .
                0x0000000020000000                __bss_start__ = _sbss
 *(.bss)
 .bss           0x0000000020000000       0x1c c:/st/stm32cubeide_1.0.2/stm32cubeide/plugins/com.st.stm32cube.ide.mcu.externaltools.gnu-tools-for-stm32.7-2018-q2-update.win32_1.5.0.202011040924/tools/bin/../lib/gcc/arm-none-eabi/7.3.1/thumb/v7-m/crtbegin.o
 *(.bss*)
 *(COMMON)
                0x000000002000001c                . = ALIGN (0x4)
                0x000000002000001c                _ebss = .
                0x000000002000001c                __bss_end__ = _ebss

._user_heap_stack
                0x000000002000001c      0x604 load address 0x0000000008000334
                0x0000000020000020                . = ALIGN (0x8)
 *fill*         0x000000002000001c        0x4 
                [!provide]                        PROVIDE (end = .)
                0x0000000020000020                PROVIDE (_end = .)
                0x0000000020000220                . = (. + _Min_Heap_Size)
 *fill*         0x0000000020000020      0x200 
                0x0000000020000620                . = (. + _Min_Stack_Size)
 *fill*         0x0000000020000220      0x400 
                0x0000000020000620                . = ALIGN (0x8)

/DISCARD/
 libc.a(*)
 libm.a(*)
 libgcc.a(*)

.ARM.attributes
                0x0000000000000000       0x29
 *(.ARM.attributes)
 .ARM.attributes
                0x0000000000000000       0x1d c:/st/stm32cubeide_1.0.2/stm32cubeide/plugins/com.st.stm32cube.ide.mcu.externaltools.gnu-tools-for-stm32.7-2018-q2-update.win32_1.5.0.202011040924/tools/bin/../lib/gcc/arm-none-eabi/7.3.1/thumb/v7-m/crti.o
 .ARM.attributes
                0x000000000000001d       0x2d c:/st/stm32cubeide_1.0.2/stm32cubeide/plugins/com.st.stm32cube.ide.mcu.externaltools.gnu-tools-for-stm32.7-2018-q2-update.win32_1.5.0.202011040924/tools/bin/../lib/gcc/arm-none-eabi/7.3.1/thumb/v7-m/crtbegin.o
 .ARM.attributes
                0x000000000000004a       0x33 Core/GPIO/GPIO.o
 .ARM.attributes
                0x000000000000007d       0x33 Core/main.o
 .ARM.attributes
                0x00000000000000b0       0x21 System/startup_stm32f103c8tx.o
 .ARM.attributes
                0x00000000000000d1       0x2d c:/st/stm32cubeide_1.0.2/stm32cubeide/plugins/com.st.stm32cube.ide.mcu.externaltools.gnu-tools-for-stm32.7-2018-q2-update.win32_1.5.0.202011040924/tools/bin/../lib/gcc/arm-none-eabi/7.3.1/../../../../arm-none-eabi/lib/thumb/v7-m\libc_nano.a(lib_a-init.o)
 .ARM.attributes
                0x00000000000000fe       0x1d c:/st/stm32cubeide_1.0.2/stm32cubeide/plugins/com.st.stm32cube.ide.mcu.externaltools.gnu-tools-for-stm32.7-2018-q2-update.win32_1.5.0.202011040924/tools/bin/../lib/gcc/arm-none-eabi/7.3.1/thumb/v7-m/crtn.o
OUTPUT([3]CodeFormat.elf elf32-littlearm)

.debug_info     0x0000000000000000      0x44a
 .debug_info    0x0000000000000000      0x28a Core/GPIO/GPIO.o
 .debug_info    0x000000000000028a      0x19e Core/main.o
 .debug_info    0x0000000000000428       0x22 System/startup_stm32f103c8tx.o

.debug_abbrev   0x0000000000000000      0x1c2
 .debug_abbrev  0x0000000000000000       0xe2 Core/GPIO/GPIO.o
 .debug_abbrev  0x00000000000000e2       0xce Core/main.o
 .debug_abbrev  0x00000000000001b0       0x12 System/startup_stm32f103c8tx.o

.debug_aranges  0x0000000000000000       0x90
 .debug_aranges
                0x0000000000000000       0x48 Core/GPIO/GPIO.o
 .debug_aranges
                0x0000000000000048       0x20 Core/main.o
 .debug_aranges
                0x0000000000000068       0x28 System/startup_stm32f103c8tx.o

.debug_ranges   0x0000000000000000       0x68
 .debug_ranges  0x0000000000000000       0x38 Core/GPIO/GPIO.o
 .debug_ranges  0x0000000000000038       0x10 Core/main.o
 .debug_ranges  0x0000000000000048       0x20 System/startup_stm32f103c8tx.o

.debug_macro    0x0000000000000000     0xff7d
 .debug_macro   0x0000000000000000       0xc6 Core/GPIO/GPIO.o
 .debug_macro   0x00000000000000c6      0xa60 Core/GPIO/GPIO.o
 .debug_macro   0x0000000000000b26       0x2e Core/GPIO/GPIO.o
 .debug_macro   0x0000000000000b54       0x22 Core/GPIO/GPIO.o
 .debug_macro   0x0000000000000b76       0x22 Core/GPIO/GPIO.o
 .debug_macro   0x0000000000000b98       0x8e Core/GPIO/GPIO.o
 .debug_macro   0x0000000000000c26       0x51 Core/GPIO/GPIO.o
 .debug_macro   0x0000000000000c77       0xef Core/GPIO/GPIO.o
 .debug_macro   0x0000000000000d66       0x6a Core/GPIO/GPIO.o
 .debug_macro   0x0000000000000dd0      0x1df Core/GPIO/GPIO.o
 .debug_macro   0x0000000000000faf       0x1c Core/GPIO/GPIO.o
 .debug_macro   0x0000000000000fcb       0x22 Core/GPIO/GPIO.o
 .debug_macro   0x0000000000000fed       0xc3 Core/GPIO/GPIO.o
 .debug_macro   0x00000000000010b0      0xd23 Core/GPIO/GPIO.o
 .debug_macro   0x0000000000001dd3     0xe097 Core/GPIO/GPIO.o
 .debug_macro   0x000000000000fe6a       0x43 Core/GPIO/GPIO.o
 .debug_macro   0x000000000000fead       0xd0 Core/main.o

.debug_line     0x0000000000000000      0x9b0
 .debug_line    0x0000000000000000      0x4a1 Core/GPIO/GPIO.o
 .debug_line    0x00000000000004a1      0x48c Core/main.o
 .debug_line    0x000000000000092d       0x83 System/startup_stm32f103c8tx.o

.debug_str      0x0000000000000000    0x53fed
 .debug_str     0x0000000000000000    0x53fa0 Core/GPIO/GPIO.o
                                      0x541d2 (size before relaxing)
 .debug_str     0x0000000000053fa0       0x1d Core/main.o
                                      0x54163 (size before relaxing)
 .debug_str     0x0000000000053fbd       0x30 System/startup_stm32f103c8tx.o
                                         0x69 (size before relaxing)

.comment        0x0000000000000000       0x7b
 .comment       0x0000000000000000       0x7b Core/GPIO/GPIO.o
                                         0x7c (size before relaxing)
 .comment       0x000000000000007b       0x7c Core/main.o

.debug_frame    0x0000000000000000      0x128
 .debug_frame   0x0000000000000000       0xd0 Core/GPIO/GPIO.o
 .debug_frame   0x00000000000000d0       0x2c Core/main.o
 .debug_frame   0x00000000000000fc       0x2c c:/st/stm32cubeide_1.0.2/stm32cubeide/plugins/com.st.stm32cube.ide.mcu.externaltools.gnu-tools-for-stm32.7-2018-q2-update.win32_1.5.0.202011040924/tools/bin/../lib/gcc/arm-none-eabi/7.3.1/../../../../arm-none-eabi/lib/thumb/v7-m\libc_nano.a(lib_a-init.o)
