22:11:22 **** Incremental Build of configuration Debug for project [2]ButtonRepeater ****
make -j8 all 
arm-none-eabi-gcc "../Core/main.c" -mcpu=cortex-m3 -std=gnu11 -g3 -DSTM32 -DSTM32F1 -DSTM32F103C8Tx -DDEBUG -c -I"C:/Users/Sergei/Desktop/minisat/Code/[2]ButtonRepeater/System/CMSIS" -O0 -ffunction-sections -fdata-sections -Wall -fstack-usage -MMD -MP -MF"Core/main.d" -MT"Core/main.o" --specs=nano.specs -mfloat-abi=soft -mthumb -o "Core/main.o"
arm-none-eabi-gcc -o "[2]ButtonRepeater.elf" @"objects.list"   -mcpu=cortex-m3 -T"C:\Users\Sergei\Desktop\minisat\Code\[2]ButtonRepeater\STM32F103C8TX_FLASH.ld" --specs=nosys.specs -Wl,-Map="[2]ButtonRepeater.map" -Wl,--gc-sections -static --specs=nano.specs -mfloat-abi=soft -mthumb -Wl,--start-group -lc -lm -Wl,--end-group
Finished building target: [2]ButtonRepeater.elf
 
arm-none-eabi-objdump -h -S  [2]ButtonRepeater.elf  > "[2]ButtonRepeater.list"
arm-none-eabi-objcopy  -O binary  [2]ButtonRepeater.elf  "[2]ButtonRepeater.bin"
arm-none-eabi-size   [2]ButtonRepeater.elf 
   text	   data	    bss	    dec	    hex	filename
    724	      8	   1568	   2300	    8fc	[2]ButtonRepeater.elf
Finished building: default.size.stdout
Finished building: [2]ButtonRepeater.list
Finished building: [2]ButtonRepeater.bin
 
 
 

22:11:24 Build Finished. 0 errors, 0 warnings. (took 1s.533ms)

