01:14:32 **** Incremental Build of configuration Debug for project [4]RCC ****
make -j8 all 
arm-none-eabi-gcc "../Core/main.c" -mcpu=cortex-m3 -std=gnu11 -g3 -DSTM32 -DSTM32F1 -DSTM32F103C8Tx -DDEBUG -c -I"C:/Users/Sergei/Desktop/minisat/Code/[4]RCC/System/CMSIS" -I"C:/Users/Sergei/Desktop/minisat/Code/[4]RCC/Core/GPIO" -O0 -ffunction-sections -fdata-sections -Wall -fstack-usage -MMD -MP -MF"Core/main.d" -MT"Core/main.o" --specs=nano.specs -mfloat-abi=soft -mthumb -o "Core/main.o"
arm-none-eabi-gcc -o "[4]RCC.elf" @"objects.list"   -mcpu=cortex-m3 -T"C:\Users\Sergei\Desktop\minisat\Code\[4]RCC\STM32F103C8TX_FLASH.ld" --specs=nosys.specs -Wl,-Map="[4]RCC.map" -Wl,--gc-sections -static --specs=nano.specs -mfloat-abi=soft -mthumb -Wl,--start-group -lc -lm -Wl,--end-group
Finished building target: [4]RCC.elf
 
arm-none-eabi-objdump -h -S  [4]RCC.elf  > "[4]RCC.list"
arm-none-eabi-objcopy  -O binary  [4]RCC.elf  "[4]RCC.bin"
arm-none-eabi-size   [4]RCC.elf 
   text	   data	    bss	    dec	    hex	filename
   1060	      8	   1568	   2636	    a4c	[4]RCC.elf
Finished building: [4]RCC.list
Finished building: [4]RCC.bin
Finished building: default.size.stdout
 
 
 

01:14:34 Build Finished. 0 errors, 0 warnings. (took 1s.965ms)

