20:18:59 **** Incremental Build of configuration Debug for project HAL_Blink_Example ****
make -j8 all 
arm-none-eabi-gcc "../Core/Src/main.c" -mcpu=cortex-m3 -std=gnu11 -g3 -DSTM32F102x6 -DUSE_HAL_DRIVER -DDEBUG -c -I../Core/Inc -I../Drivers/STM32F1xx_HAL_Driver/Inc -I../Drivers/STM32F1xx_HAL_Driver/Inc/Legacy -I../Drivers/CMSIS/Device/ST/STM32F1xx/Include -I../Drivers/CMSIS/Include -O0 -ffunction-sections -fdata-sections -Wall -fstack-usage -MMD -MP -MF"Core/Src/main.d" -MT"Core/Src/main.o" --specs=nano.specs -mfloat-abi=soft -mthumb -o "Core/Src/main.o"
arm-none-eabi-gcc -o "HAL_Blink_Example.elf" @"objects.list"   -mcpu=cortex-m3 -T"C:\Users\Sergei\Desktop\minisat\Code\HAL_Blink_Example\STM32F102C4TX_FLASH.ld" --specs=nosys.specs -Wl,-Map="HAL_Blink_Example.map" -Wl,--gc-sections -static --specs=nano.specs -mfloat-abi=soft -mthumb -Wl,--start-group -lc -lm -Wl,--end-group
Finished building target: HAL_Blink_Example.elf
 
arm-none-eabi-objdump -h -S  HAL_Blink_Example.elf  > "HAL_Blink_Example.list"
arm-none-eabi-objcopy  -O binary  HAL_Blink_Example.elf  "HAL_Blink_Example.bin"
arm-none-eabi-size   HAL_Blink_Example.elf 
   text	   data	    bss	    dec	    hex	filename
   4544	     20	   1572	   6136	   17f8	HAL_Blink_Example.elf
Finished building: default.size.stdout
 
Finished building: HAL_Blink_Example.bin
Finished building: HAL_Blink_Example.list
 
 

20:19:00 Build Finished. 0 errors, 0 warnings. (took 1s.338ms)

